>>> BaseGeometry = __import__('7-base_geometry').BaseGeometry
>>> bg = BaseGeometry()

>>> bg.integer_validator("age", 10)  # test OK
>>> bg.integer_validator("width", 1)  # test OK

>>> bg.integer_validator("age", 0)  # <= 0 → ValueError
Traceback (most recent call last):
...
ValueError: age must be greater than 0

>>> bg.integer_validator("size", -4)  # négatif → ValueError
Traceback (most recent call last):
...
ValueError: size must be greater than 0

>>> bg.integer_validator("width", "3")  # string → TypeError
Traceback (most recent call last):
...
TypeError: width must be an integer

>>> bg.integer_validator("height", 3.5)  # float → TypeError
Traceback (most recent call last):
...
TypeError: height must be an integer
